=== catboost winner {'depth': 6, 'l2_leaf_reg': 3, 'learning_rate': 0.05}: full-data refit, grouped CV ===
  [catboost] fold 0: n_iter=95 (fixed, full training fold)
  [catboost] fold 1: n_iter=159 (fixed, full training fold)
  [catboost] fold 2: n_iter=125 (fixed, full training fold)
  [catboost] fold 3: n_iter=205 (fixed, full training fold)
  [catboost] fold 4: n_iter=177 (fixed, full training fold)
  grouped={'qwk': 0.33987443439579645, 'mae': 0.957246715133729, 'accuracy': 0.3943840458880811, 'macro_f1': 0.27493727381994326}
=== catboost winner {'depth': 6, 'l2_leaf_reg': 3, 'learning_rate': 0.05}: full-data refit, stratified CV ===
  [catboost] fold 0: n_iter=231 (fixed, full training fold)
  [catboost] fold 1: n_iter=287 (fixed, full training fold)
  [catboost] fold 2: n_iter=363 (fixed, full training fold)
  [catboost] fold 3: n_iter=160 (fixed, full training fold)
  [catboost] fold 4: n_iter=186 (fixed, full training fold)
  stratified={'qwk': 0.3700185827396204, 'mae': 0.9065563929833923, 'accuracy': 0.42513172813979855, 'macro_f1': 0.3165223378345058}
=== lightgbm winner {'num_leaves': 10, 'feature_fraction': 0.6, 'bagging_fraction': 0.7, 'min_child_samples': 50, 'reg_lambda': 5.0}: full-data refit, grouped CV ===
  [lightgbm] fold 0: n_iter=82 (fixed, full training fold)
  [lightgbm] fold 1: n_iter=82 (fixed, full training fold)
  [lightgbm] fold 2: n_iter=150 (fixed, full training fold)
  [lightgbm] fold 3: n_iter=102 (fixed, full training fold)
  [lightgbm] fold 4: n_iter=113 (fixed, full training fold)
  grouped={'qwk': 0.3451994754177421, 'mae': 0.9667844994330688, 'accuracy': 0.38771426665777364, 'macro_f1': 0.2864579660649872}
=== lightgbm winner {'num_leaves': 10, 'feature_fraction': 0.6, 'bagging_fraction': 0.7, 'min_child_samples': 50, 'reg_lambda': 5.0}: full-data refit, stratified CV ===
  [lightgbm] fold 0: n_iter=204 (fixed, full training fold)
  [lightgbm] fold 1: n_iter=88 (fixed, full training fold)
  [lightgbm] fold 2: n_iter=194 (fixed, full training fold)
  [lightgbm] fold 3: n_iter=135 (fixed, full training fold)
  [lightgbm] fold 4: n_iter=159 (fixed, full training fold)
  stratified={'qwk': 0.3733032235569733, 'mae': 0.9074234642833322, 'accuracy': 0.42233042086306943, 'macro_f1': 0.333113295972141}
Saved full results to /Users/oleg/Documents/Coding/SJSU/Data Mining/analysis_outputs/tuned_full_data_refit_results.json
